F:\QuizProject_extracted\src\main\java\com\quizapp\model\Leaderboard.java
F:\QuizProject_extracted\src\main\java\com\quizapp\service\ResultService.java
F:\QuizProject_extracted\src\main\java\com\quizapp\service\JsonService.java
F:\QuizProject_extracted\src\main\java\com\quizapp\model\Answer.java
F:\QuizProject_extracted\src\main\java\com\quizapp\service\QuizDataService.java
F:\QuizProject_extracted\src\main\java\com\quizapp\model\QuestionBank.java
F:\QuizProject_extracted\src\main\java\com\quizapp\model\Question.java
F:\QuizProject_extracted\src\main\java\com\quizapp\QuizApplication.java
F:\QuizProject_extracted\src\main\java\com\quizapp\service\ShuffleService.java
F:\QuizProject_extracted\src\main\java\com\quizapp\model\Admin.java
F:\QuizProject_extracted\src\main\java\com\quizapp\ui\UiStyles.java
F:\QuizProject_extracted\src\main\java\com\quizapp\util\DialogUtil.java
F:\QuizProject_extracted\src\main\java\com\quizapp\service\UserService.java
F:\QuizProject_extracted\src\main\java\com\quizapp\model\AdminPermission.java
F:\QuizProject_extracted\src\main\java\com\quizapp\model\FillInTheBlankQuestion.java
F:\QuizProject_extracted\src\main\java\com\quizapp\model\Quiz.java
F:\QuizProject_extracted\src\main\java\com\quizapp\model\User.java
F:\QuizProject_extracted\src\main\java\com\quizapp\model\MultipleChoiceQuestion.java
F:\QuizProject_extracted\src\main\java\com\quizapp\model\TrueFalseQuestion.java
F:\QuizProject_extracted\src\main\java\com\quizapp\util\AppPaths.java
